gpu.gpu_family                                               gk104

#DRAM Parameters
DRAM.ramType                                                 gddr5
DRAM.tRC                                                     42
DRAM.tRAS                                                    30
DRAM.tRP                                                     15
DRAM.tRCDRD                                                  15
DRAM.tWCK2MRS                                                4
DRAM.tWCK2TR                                                 4
DRAM.tMRD                                                    4
DRAM.EXT_BIG_TIMER                                           1
DRAM.STEP_LN                                                 32
DRAM.asrClkConstD4L1                                         353
DRAM.asrClkConstC1L2                                         13
DRAM.asrClkConstC1L1                                         414
DRAM.asrClkConstD1                                           200
DRAM.numBanks                                                3
DRAM.bytesPerClock                                           4
DRAM.bytesPerClockFromBusWidth                               8
DRAM.bytesPerActivate                                        64
DRAM.timingRP                                                3
DRAM.timingRFC                                               15
DRAM.tMRS2RDWCK                                              25
DRAM.tQPOPWCK                                                11
DRAM.tMRSTWCK                                                4
DRAM.bAutoSync                                               0
DRAM.bFastExit                                               0
DRAM.bX16                                                    0
DRAM.tREFI                                                   1900

#FBP Parameters
FBP.dramChipCountPerBwUnit                                   4
FBP.enabledDramBwUnits                                       2
FBP.ltcBwUnitPipes                                           4
FBP.L2Slices                                                 4
FBP.enabledLtcs                                              2
FBP.bytesPerClock                                            16
FBP.ltcBytesPerClockWithDcmp                                 0
FBP.ltcBytesPerClockWithFos                                  4
FBP.awpPoolEntries                                           35
FBP.bytesPerAwpBlock                                         64
FBP.rrrbPoolEntries                                          385
FBP.bytesPerRrrbBlock                                        64

#XBAR Parameters
XBAR.bytesPerClock                                           24
XBAR.totalSlices                                             4
XBAR.maxFbpsPerXbarSlice                                     1
XBAR.numHubPorts                                             2

#NISO Parameters
NISO.bytesPerClock                                           32

#ISO Parameters
ISO.linebufferAdditionalLines                                1
ISO.linesFetchedForBlockLinear                               2
ISO.linebufferTotalBlocks                                    10240
ISO.linebufferMinBlocksPerHead                               16
ISO.bytesPerClock                                            32

#CLOCKS Parameters
CLOCKS.display                                               540000000
CLOCKS.ram                                                   324000000
CLOCKS.l2                                                    81000000
CLOCKS.xbar                                                  162000000
CLOCKS.sys                                                   324000000
CLOCKS.hub                                                   324000000

#roundtripLatency Parameters
roundtripLatency.constant                                    577
roundtripLatency.ramClks                                     495
roundtripLatency.l2Clks                                      67
roundtripLatency.xbarClks                                    60
roundtripLatency.sysClks                                     32
roundtripLatency.hubClks                                     24

#returnLatency Parameters
returnLatency.constant                                       451
returnLatency.ramClks                                        509
returnLatency.l2Clks                                         91
returnLatency.xbarClks                                       26
returnLatency.sysClks                                        0
returnLatency.hubClks                                        41

#CAPS Parameters
CAPS.bEccIsEnabled                                           0
CAPS.bForceMinMempool                                        0
CAPS.bMempoolCompression                                     1

#ASR Parameters
ASR.isAllowed                                                1
ASR.efficiencyThreshold                                      10
ASR.dllOn                                                    1
ASR.tXSR                                                     5000
ASR.tXSNR                                                    100
ASR.powerdown                                                1

#MSCG Parameters
MSCG.bIsAllowed                                              0

#Isohub Parameters
impIsohubIn.maxCursorEntries                                 32
impIsohubIn.pitchFetchQuanta                                 256

#DispHeadIn  Parameters
impDispHeadIn[0].BaseUsageBounds.Usable                      1
impDispHeadIn[0].BaseUsageBounds.BytesPerPixel               4
impDispHeadIn[0].BaseUsageBounds.SuperSample                 LW_SUPER_SAMPLE_X1AA
impDispHeadIn[0].BaseUsageBounds.BaseLutUsage                LW_LUT_USAGE_NONE
impDispHeadIn[0].BaseUsageBounds.OutputLutUsage              LW_LUT_USAGE_NONE
impDispHeadIn[0].Control.Structure                           0
impDispHeadIn[0].HeadActive                                  1
impDispHeadIn[0].ViewportSizeIn.Width                        1024
impDispHeadIn[0].ViewportSizeIn.Height                       768
impDispHeadIn[0].OutputScaler.VerticalTaps                   LW_VERTICAL_TAPS_1
impDispHeadIn[0].OutputScaler.Force422                       LW_OUTPUT_SCALER_FORCE422_MODE_DISABLE
impDispHeadIn[0].outputResourcePixelDepthBPP                 LW_OUTPUT_RESOURCE_PIXEL_DEPTH_BPP_16_422
impDispHeadIn[0].OverlayUsageBounds.Usable                   0
impDispHeadIn[0].OverlayUsageBounds.BytesPerPixel            0
impDispHeadIn[0].OverlayUsageBounds.OverlayLutUsage          LW_LUT_USAGE_NONE
impDispHeadIn[0].BaseLutLo.Enable                            LW_LUT_LO_DISABLE
impDispHeadIn[0].BaseLutLo.Mode                              LW_LUT_LO_MODE_LORES
impDispHeadIn[0].OutputLutLo.Enable                          LW_LUT_LO_DISABLE
impDispHeadIn[0].OutputLutLo.Mode                            LW_LUT_LO_MODE_LORES
impDispHeadIn[0].Params.CoreBytesPerPixel                    4
impDispHeadIn[0].Params.SuperSample                          LW_SUPER_SAMPLE_X1AA
impDispHeadIn[0].PixelClock.Frequency                        56000
impDispHeadIn[0].PixelClock.UseAdj1000Div1001                0
impDispHeadIn[0].RasterBlankEnd.X                            80
impDispHeadIn[0].RasterBlankEnd.Y                            11
impDispHeadIn[0].RasterBlankStart.X                          1104
impDispHeadIn[0].RasterBlankStart.Y                          779
impDispHeadIn[0].RasterSize.Width                            1184
impDispHeadIn[0].RasterSize.Height                           790
impDispHeadIn[0].RasterVertBlank2.YStart                     0
impDispHeadIn[0].RasterVertBlank2.YEnd                       0
impDispHeadIn[0].ViewportSizeIn.Width                        1024
impDispHeadIn[0].ViewportSizeIn.Height                       768
impDispHeadIn[0].ViewportSizeOut.Width                       1024
impDispHeadIn[0].ViewportSizeOut.Height                      768
impDispHeadIn[0].ViewportSizeOutMin.Width                    1024
impDispHeadIn[0].ViewportSizeOutMin.Height                   768
impDispHeadIn[0].ViewportSizeOutMax.Width                    1024
impDispHeadIn[0].ViewportSizeOutMax.Height                   768
impDispHeadIn[1].BaseUsageBounds.Usable                      1
impDispHeadIn[1].BaseUsageBounds.BytesPerPixel               4
impDispHeadIn[1].BaseUsageBounds.SuperSample                 LW_SUPER_SAMPLE_X1AA
impDispHeadIn[1].BaseUsageBounds.BaseLutUsage                LW_LUT_USAGE_NONE
impDispHeadIn[1].BaseUsageBounds.OutputLutUsage              LW_LUT_USAGE_NONE
impDispHeadIn[1].Control.Structure                           0
impDispHeadIn[1].HeadActive                                  1
impDispHeadIn[1].ViewportSizeIn.Width                        1280
impDispHeadIn[1].ViewportSizeIn.Height                       1024
impDispHeadIn[1].OutputScaler.VerticalTaps                   LW_VERTICAL_TAPS_1
impDispHeadIn[1].OutputScaler.Force422                       LW_OUTPUT_SCALER_FORCE422_MODE_DISABLE
impDispHeadIn[1].outputResourcePixelDepthBPP                 LW_OUTPUT_RESOURCE_PIXEL_DEPTH_BPP_16_422
impDispHeadIn[1].OverlayUsageBounds.Usable                   0
impDispHeadIn[1].OverlayUsageBounds.BytesPerPixel            0
impDispHeadIn[1].OverlayUsageBounds.OverlayLutUsage          LW_LUT_USAGE_NONE
impDispHeadIn[1].BaseLutLo.Enable                            LW_LUT_LO_DISABLE
impDispHeadIn[1].BaseLutLo.Mode                              LW_LUT_LO_MODE_LORES
impDispHeadIn[1].OutputLutLo.Enable                          LW_LUT_LO_DISABLE
impDispHeadIn[1].OutputLutLo.Mode                            LW_LUT_LO_MODE_LORES
impDispHeadIn[1].Params.CoreBytesPerPixel                    4
impDispHeadIn[1].Params.SuperSample                          LW_SUPER_SAMPLE_X1AA
impDispHeadIn[1].PixelClock.Frequency                        91000
impDispHeadIn[1].PixelClock.UseAdj1000Div1001                0
impDispHeadIn[1].RasterBlankEnd.X                            80
impDispHeadIn[1].RasterBlankEnd.Y                            15
impDispHeadIn[1].RasterBlankStart.X                          1360
impDispHeadIn[1].RasterBlankStart.Y                          1039
impDispHeadIn[1].RasterSize.Width                            1440
impDispHeadIn[1].RasterSize.Height                           1054
impDispHeadIn[1].RasterVertBlank2.YStart                     0
impDispHeadIn[1].RasterVertBlank2.YEnd                       0
impDispHeadIn[1].ViewportSizeIn.Width                        1280
impDispHeadIn[1].ViewportSizeIn.Height                       1024
impDispHeadIn[1].ViewportSizeOut.Width                       1280
impDispHeadIn[1].ViewportSizeOut.Height                      1024
impDispHeadIn[1].ViewportSizeOutMin.Width                    1280
impDispHeadIn[1].ViewportSizeOutMin.Height                   1024
impDispHeadIn[1].ViewportSizeOutMax.Width                    1280
impDispHeadIn[1].ViewportSizeOutMax.Height                   1024
impDispHeadIn[2].BaseUsageBounds.Usable                      0
impDispHeadIn[2].BaseUsageBounds.BytesPerPixel               0
impDispHeadIn[2].BaseUsageBounds.SuperSample                 LW_SUPER_SAMPLE_X1AA
impDispHeadIn[2].BaseUsageBounds.BaseLutUsage                LW_LUT_USAGE_NONE
impDispHeadIn[2].BaseUsageBounds.OutputLutUsage              LW_LUT_USAGE_NONE
impDispHeadIn[2].Control.Structure                           0
impDispHeadIn[2].HeadActive                                  0
impDispHeadIn[2].ViewportSizeIn.Width                        0
impDispHeadIn[2].ViewportSizeIn.Height                       0
impDispHeadIn[2].OutputScaler.VerticalTaps                   LW_VERTICAL_TAPS_1
impDispHeadIn[2].OutputScaler.Force422                       LW_OUTPUT_SCALER_FORCE422_MODE_DISABLE
impDispHeadIn[2].outputResourcePixelDepthBPP                 LW_OUTPUT_RESOURCE_PIXEL_DEPTH_DEFAULT
impDispHeadIn[2].OverlayUsageBounds.Usable                   0
impDispHeadIn[2].OverlayUsageBounds.BytesPerPixel            0
impDispHeadIn[2].OverlayUsageBounds.OverlayLutUsage          LW_LUT_USAGE_NONE
impDispHeadIn[2].BaseLutLo.Enable                            LW_LUT_LO_DISABLE
impDispHeadIn[2].BaseLutLo.Mode                              LW_LUT_LO_MODE_LORES
impDispHeadIn[2].OutputLutLo.Enable                          LW_LUT_LO_DISABLE
impDispHeadIn[2].OutputLutLo.Mode                            LW_LUT_LO_MODE_LORES
impDispHeadIn[2].Params.CoreBytesPerPixel                    0
impDispHeadIn[2].Params.SuperSample                          LW_SUPER_SAMPLE_X1AA
impDispHeadIn[2].PixelClock.Frequency                        0
impDispHeadIn[2].PixelClock.UseAdj1000Div1001                0
impDispHeadIn[2].RasterBlankEnd.X                            0
impDispHeadIn[2].RasterBlankEnd.Y                            0
impDispHeadIn[2].RasterBlankStart.X                          0
impDispHeadIn[2].RasterBlankStart.Y                          0
impDispHeadIn[2].RasterSize.Width                            0
impDispHeadIn[2].RasterSize.Height                           0
impDispHeadIn[2].RasterVertBlank2.YStart                     0
impDispHeadIn[2].RasterVertBlank2.YEnd                       0
impDispHeadIn[2].ViewportSizeIn.Width                        0
impDispHeadIn[2].ViewportSizeIn.Height                       0
impDispHeadIn[2].ViewportSizeOut.Width                       0
impDispHeadIn[2].ViewportSizeOut.Height                      0
impDispHeadIn[2].ViewportSizeOutMin.Width                    0
impDispHeadIn[2].ViewportSizeOutMin.Height                   0
impDispHeadIn[2].ViewportSizeOutMax.Width                    0
impDispHeadIn[2].ViewportSizeOutMax.Height                   0
impDispHeadIn[3].BaseUsageBounds.Usable                      0
impDispHeadIn[3].BaseUsageBounds.BytesPerPixel               0
impDispHeadIn[3].BaseUsageBounds.SuperSample                 LW_SUPER_SAMPLE_X1AA
impDispHeadIn[3].BaseUsageBounds.BaseLutUsage                LW_LUT_USAGE_NONE
impDispHeadIn[3].BaseUsageBounds.OutputLutUsage              LW_LUT_USAGE_NONE
impDispHeadIn[3].Control.Structure                           0
impDispHeadIn[3].HeadActive                                  0
impDispHeadIn[3].ViewportSizeIn.Width                        0
impDispHeadIn[3].ViewportSizeIn.Height                       0
impDispHeadIn[3].OutputScaler.VerticalTaps                   LW_VERTICAL_TAPS_1
impDispHeadIn[3].OutputScaler.Force422                       LW_OUTPUT_SCALER_FORCE422_MODE_DISABLE
impDispHeadIn[3].outputResourcePixelDepthBPP                 LW_OUTPUT_RESOURCE_PIXEL_DEPTH_DEFAULT
impDispHeadIn[3].OverlayUsageBounds.Usable                   0
impDispHeadIn[3].OverlayUsageBounds.BytesPerPixel            0
impDispHeadIn[3].OverlayUsageBounds.OverlayLutUsage          LW_LUT_USAGE_NONE
impDispHeadIn[3].BaseLutLo.Enable                            LW_LUT_LO_DISABLE
impDispHeadIn[3].BaseLutLo.Mode                              LW_LUT_LO_MODE_LORES
impDispHeadIn[3].OutputLutLo.Enable                          LW_LUT_LO_DISABLE
impDispHeadIn[3].OutputLutLo.Mode                            LW_LUT_LO_MODE_LORES
impDispHeadIn[3].Params.CoreBytesPerPixel                    0
impDispHeadIn[3].Params.SuperSample                          LW_SUPER_SAMPLE_X1AA
impDispHeadIn[3].PixelClock.Frequency                        0
impDispHeadIn[3].PixelClock.UseAdj1000Div1001                0
impDispHeadIn[3].RasterBlankEnd.X                            0
impDispHeadIn[3].RasterBlankEnd.Y                            0
impDispHeadIn[3].RasterBlankStart.X                          0
impDispHeadIn[3].RasterBlankStart.Y                          0
impDispHeadIn[3].RasterSize.Width                            0
impDispHeadIn[3].RasterSize.Height                           0
impDispHeadIn[3].RasterVertBlank2.YStart                     0
impDispHeadIn[3].RasterVertBlank2.YEnd                       0
impDispHeadIn[3].ViewportSizeIn.Width                        0
impDispHeadIn[3].ViewportSizeIn.Height                       0
impDispHeadIn[3].ViewportSizeOut.Width                       0
impDispHeadIn[3].ViewportSizeOut.Height                      0
impDispHeadIn[3].ViewportSizeOutMin.Width                    0
impDispHeadIn[3].ViewportSizeOutMin.Height                   0
impDispHeadIn[3].ViewportSizeOutMax.Width                    0
impDispHeadIn[3].ViewportSizeOutMax.Height                   0

# DispImp Input impDacIn
impDacIn[0].owner                                            orOwner_None
impDacIn[0].protocol                                         LW_DAC_PROTOCOL_RGB_CRT
impDacIn[1].owner                                            orOwner_None
impDacIn[1].protocol                                         LW_DAC_PROTOCOL_RGB_CRT
impDacIn[2].owner                                            orOwner_None
impDacIn[2].protocol                                         LW_DAC_PROTOCOL_RGB_CRT
impDacIn[3].owner                                            orOwner_None
impDacIn[3].protocol                                         LW_DAC_PROTOCOL_RGB_CRT

# DispImp Input impSorIn
impSorIn[0].owner                                            LW_OR_OWNER_HEAD0
impSorIn[0].protocol                                         LW_SOR_PROTOCOL_SINGLE_TMDS_A
impSorIn[0].pixelReplicateMode                               LW_PIXEL_REPLICATE_MODE_OFF
impSorIn[1].owner                                            LW_OR_OWNER_HEAD1
impSorIn[1].protocol                                         LW_SOR_PROTOCOL_SINGLE_TMDS_A
impSorIn[1].pixelReplicateMode                               LW_PIXEL_REPLICATE_MODE_OFF
impSorIn[2].owner                                            orOwner_None
impSorIn[2].protocol                                         LW_SOR_PROTOCOL_SINGLE_TMDS_A
impSorIn[2].pixelReplicateMode                               LW_PIXEL_REPLICATE_MODE_OFF
impSorIn[3].owner                                            orOwner_None
impSorIn[3].protocol                                         LW_SOR_PROTOCOL_SINGLE_TMDS_A
impSorIn[3].pixelReplicateMode                               LW_PIXEL_REPLICATE_MODE_OFF
impSorIn[4].owner                                            orOwner_None
impSorIn[4].protocol                                         LW_SOR_PROTOCOL_SINGLE_TMDS_A
impSorIn[4].pixelReplicateMode                               LW_PIXEL_REPLICATE_MODE_OFF
impSorIn[5].owner                                            orOwner_None
impSorIn[5].protocol                                         LW_SOR_PROTOCOL_SINGLE_TMDS_A
impSorIn[5].pixelReplicateMode                               LW_PIXEL_REPLICATE_MODE_OFF
impSorIn[6].owner                                            orOwner_None
impSorIn[6].protocol                                         LW_SOR_PROTOCOL_SINGLE_TMDS_A
impSorIn[6].pixelReplicateMode                               LW_PIXEL_REPLICATE_MODE_OFF
impSorIn[7].owner                                            orOwner_None
impSorIn[7].protocol                                         LW_SOR_PROTOCOL_SINGLE_TMDS_A
impSorIn[7].pixelReplicateMode                               LW_PIXEL_REPLICATE_MODE_OFF

# DispImp Input impPiorIn
impPiorIn[0].owner                                           orOwner_None
impPiorIn[0].protocol                                        LW_PIOR_PROTOCOL_EXT_TMDS_ENC
impPiorIn[1].owner                                           orOwner_None
impPiorIn[1].protocol                                        LW_PIOR_PROTOCOL_EXT_TMDS_ENC
impPiorIn[2].owner                                           orOwner_None
impPiorIn[2].protocol                                        LW_PIOR_PROTOCOL_EXT_TMDS_ENC
impPiorIn[3].owner                                           orOwner_None
impPiorIn[3].protocol                                        LW_PIOR_PROTOCOL_EXT_TMDS_ENC


########## output ##########
 
output.result                                                1
output.worstCaseMargin                                       8731
output.worstCaseDomain                                       AWP
output.availableBandwidth.dramChip                           1296000000
output.requiredBandwidth.dramChip                            89599104
output.availableBandwidth.ltcBwUnit                          5184000000
output.availableBandwidth.xbar                               7776000000
output.requiredBandwidth.xbar                                716792832
output.availableBandwidth.sys                                10368000000
output.availableBandwidth.iso                                10368000000
output.availableBandwidth.awp                                6111869031
output.requiredBandwidth.awp                                 716792832
output.availableBandwidth.rrrb                               7088607594
output.requiredBandwidth.rrrb                                716792832
output.minClocks.ram                                         22399776
output.minClocks.l2                                          5599944
output.minClocks.xbar                                        14933184
output.minClocks.sys                                         22399776
output.minClocks.hub                                         28438000
output.impDispOut.reqdDispClk                                91000
output.impDispOut.maxDispClk                                 540000
output.impDispOut.reqdDispClkRatio                           3
output.impDispOut.fbFetchRateKHz[0]                          56000
output.impDispOut.meter[0]                                   6
output.impDispOut.dispClkActual[0]                           59063
output.impDispOut.minFillRate[0]                             56000
output.impDispOut.avgFetchRate[0]                            48432
output.impIsohubOut.memPoolSetting[0].baseFullyLinesBuffered 1
output.impIsohubOut.memPoolSetting[0].ovlyFullyLinesBuffered 1
output.impIsohubOut.memPoolSetting[0].baseLimit              128
output.impIsohubOut.memPoolSetting[0].ovlyLimit              0
output.impIsohubOut.memPoolSetting[0].latBufBlocks           352
output.impIsohubOut.memPoolSetting[0].memPoolBlocks          3950
output.impDispOut.fbFetchRateKHz[1]                          91000
output.impDispOut.meter[1]                                   10
output.impDispOut.dispClkActual[1]                           92813
output.impDispOut.minFillRate[1]                             91000
output.impDispOut.avgFetchRate[1]                            80888
output.impIsohubOut.memPoolSetting[1].baseFullyLinesBuffered 1
output.impIsohubOut.memPoolSetting[1].ovlyFullyLinesBuffered 1
output.impIsohubOut.memPoolSetting[1].baseLimit              160
output.impIsohubOut.memPoolSetting[1].ovlyLimit              0
output.impIsohubOut.memPoolSetting[1].latBufBlocks           448
output.impIsohubOut.memPoolSetting[1].memPoolBlocks          6290
output.impDispOut.fbFetchRateKHz[2]                          0
output.impDispOut.meter[2]                                   63
output.impDispOut.dispClkActual[2]                           0
output.impDispOut.minFillRate[2]                             0
output.impDispOut.avgFetchRate[2]                            0
output.impIsohubOut.memPoolSetting[2].baseFullyLinesBuffered 0
output.impIsohubOut.memPoolSetting[2].ovlyFullyLinesBuffered 0
output.impIsohubOut.memPoolSetting[2].baseLimit              0
output.impIsohubOut.memPoolSetting[2].ovlyLimit              0
output.impIsohubOut.memPoolSetting[2].latBufBlocks           0
output.impIsohubOut.memPoolSetting[2].memPoolBlocks          0
output.impDispOut.fbFetchRateKHz[3]                          0
output.impDispOut.meter[3]                                   63
output.impDispOut.dispClkActual[3]                           0
output.impDispOut.minFillRate[3]                             0
output.impDispOut.avgFetchRate[3]                            0
output.impIsohubOut.memPoolSetting[3].baseFullyLinesBuffered 0
output.impIsohubOut.memPoolSetting[3].ovlyFullyLinesBuffered 0
output.impIsohubOut.memPoolSetting[3].baseLimit              0
output.impIsohubOut.memPoolSetting[3].ovlyLimit              0
output.impIsohubOut.memPoolSetting[3].latBufBlocks           0
output.impIsohubOut.memPoolSetting[3].memPoolBlocks          0
output.impIsohubOut.reqdHubClk                               28438000
output.impIsohubOut.fetchMeter[0]                            10
output.impIsohubOut.fetchLimit[0]                            55
output.impIsohubOut.fetchMeter[1]                            15
output.impIsohubOut.fetchLimit[1]                            82
output.impIsohubOut.fetchMeter[2]                            0
output.impIsohubOut.fetchLimit[2]                            4095
output.impIsohubOut.fetchMeter[3]                            0
output.impIsohubOut.fetchLimit[3]                            4095
output.impIsohubOut.sf.asr.bIsPossible                       1
output.impIsohubOut.sf.asr.efficiency                        78
output.impIsohubOut.sf.asr.head[0].mode                      2
output.impIsohubOut.sf.asr.head[0].submode                   2
output.impIsohubOut.sf.asr.head[0].lowWatermark              2692
output.impIsohubOut.sf.asr.head[0].highWatermark             21549
output.impIsohubOut.sf.asr.head[1].mode                      2
output.impIsohubOut.sf.asr.head[1].submode                   2
output.impIsohubOut.sf.asr.head[1].lowWatermark              3606
output.impIsohubOut.sf.asr.head[1].highWatermark             36635
output.impIsohubOut.sf.asr.head[2].mode                      1
output.impIsohubOut.sf.asr.head[2].submode                   0
output.impIsohubOut.sf.asr.head[2].lowWatermark              0
output.impIsohubOut.sf.asr.head[2].highWatermark             0
output.impIsohubOut.sf.asr.head[3].mode                      1
output.impIsohubOut.sf.asr.head[3].submode                   0
output.impIsohubOut.sf.asr.head[3].lowWatermark              0
output.impIsohubOut.sf.asr.head[3].highWatermark             0
output.impIsohubOut.sf.mscg.bIsPossible                      0
output.impIsohubOut.sf.mscg.efficiency                       0
output.impIsohubOut.sf.mscg.head[0].mode                     0
output.impIsohubOut.sf.mscg.head[0].lowWatermark             0
output.impIsohubOut.sf.mscg.head[0].highWatermark            0
output.impIsohubOut.sf.mscg.head[0].wakeupWatermark          0
output.impIsohubOut.sf.mscg.head[1].mode                     0
output.impIsohubOut.sf.mscg.head[1].lowWatermark             0
output.impIsohubOut.sf.mscg.head[1].highWatermark            0
output.impIsohubOut.sf.mscg.head[1].wakeupWatermark          0
output.impIsohubOut.sf.mscg.head[2].mode                     0
output.impIsohubOut.sf.mscg.head[2].lowWatermark             0
output.impIsohubOut.sf.mscg.head[2].highWatermark            0
output.impIsohubOut.sf.mscg.head[2].wakeupWatermark          0
output.impIsohubOut.sf.mscg.head[3].mode                     0
output.impIsohubOut.sf.mscg.head[3].lowWatermark             0
output.impIsohubOut.sf.mscg.head[3].highWatermark            0
output.impIsohubOut.sf.mscg.head[3].wakeupWatermark          0
output.adjustedRrrbPoolEntries                               385
output.impIsohubOut.critSetting[0].mode                      1
output.impIsohubOut.critSetting[0].wm                        3023
output.impIsohubOut.critSetting[1].mode                      1
output.impIsohubOut.critSetting[1].wm                        4084
output.impIsohubOut.critSetting[2].mode                      0
output.impIsohubOut.critSetting[2].wm                        0
output.impIsohubOut.critSetting[3].mode                      0
output.impIsohubOut.critSetting[3].wm                        0
output.impIsohubOut.dmiDuration[0]                           434
output.impIsohubOut.dmiDuration[1]                           449
output.impIsohubOut.dmiDuration[2]                           0
output.impIsohubOut.dmiDuration[3]                           0
